src/app/components/CourseAnnouncements.tsx(36,19): error TS2532: Object is possibly 'undefined'.
src/app/components/ui/chart.tsx(230,35): error TS2367: This comparison appears to be unintentional because the types '"line" | "dot"' and '"dashed"' have no overlap.
src/app/lib/api.ts(546,21): error TS18048: 'full' is possibly 'undefined'.
src/app/lib/api.ts(547,21): error TS2532: Object is possibly 'undefined'.
src/app/lib/api.ts(548,20): error TS2532: Object is possibly 'undefined'.
src/app/lib/api.ts(555,11): error TS2322: Type 'string | undefined' is not assignable to type 'string'.
  Type 'undefined' is not assignable to type 'string'.
src/app/lib/api.ts(565,21): error TS18048: 'full' is possibly 'undefined'.
src/app/lib/api.ts(566,21): error TS2532: Object is possibly 'undefined'.
src/app/lib/api.ts(567,20): error TS2532: Object is possibly 'undefined'.
src/app/lib/api.ts(574,11): error TS2322: Type 'string | undefined' is not assignable to type 'string'.
  Type 'undefined' is not assignable to type 'string'.
src/app/lib/api.ts(584,21): error TS18048: 'full' is possibly 'undefined'.
src/app/lib/api.ts(585,21): error TS2532: Object is possibly 'undefined'.
src/app/lib/api.ts(586,20): error TS2532: Object is possibly 'undefined'.
src/app/lib/api.ts(593,11): error TS2322: Type 'string | undefined' is not assignable to type 'string'.
  Type 'undefined' is not assignable to type 'string'.
src/app/lib/api.ts(663,21): error TS18048: 'full' is possibly 'undefined'.
src/app/lib/api.ts(664,21): error TS2532: Object is possibly 'undefined'.
src/app/lib/api.ts(665,20): error TS2532: Object is possibly 'undefined'.
src/app/lib/api.ts(667,48): error TS2322: Type 'string | undefined' is not assignable to type 'string'.
  Type 'undefined' is not assignable to type 'string'.
src/app/lib/api.ts(673,21): error TS18048: 'full' is possibly 'undefined'.
src/app/lib/api.ts(674,21): error TS2532: Object is possibly 'undefined'.
src/app/lib/api.ts(675,20): error TS2532: Object is possibly 'undefined'.
src/app/lib/api.ts(677,48): error TS2322: Type 'string | undefined' is not assignable to type 'string'.
  Type 'undefined' is not assignable to type 'string'.
src/app/lib/api.ts(801,3): error TS2532: Object is possibly 'undefined'.
src/app/lib/api.ts(802,3): error TS2532: Object is possibly 'undefined'.
src/app/lib/api.ts(819,5): error TS2322: Type '{ day: string | undefined; hours: number; }[]' is not assignable to type '{ day: string; hours: number; }[]'.
  Type '{ day: string | undefined; hours: number; }' is not assignable to type '{ day: string; hours: number; }'.
    Types of property 'day' are incompatible.
      Type 'string | undefined' is not assignable to type 'string'.
        Type 'undefined' is not assignable to type 'string'.
src/app/lib/api.ts(1145,9): error TS2322: Type '{ title: string; description: string; content: string; order: number; duration: string | null; status: string; id?: string | undefined; courseId?: string | undefined; period?: string; weekInPeriod?: number; publishedAt?: string | ... 1 more ... | undefined; createdAt?: string | ... 1 more ... | undefined; }' is not assignable to type 'ApiLesson'.
  Types of property 'id' are incompatible.
    Type 'string | undefined' is not assignable to type 'string'.
      Type 'undefined' is not assignable to type 'string'.
src/app/lib/api.ts(1147,29): error TS2532: Object is possibly 'undefined'.
src/app/lib/api.ts(1148,41): error TS2532: Object is possibly 'undefined'.
src/app/lib/api.ts(1149,33): error TS2532: Object is possibly 'undefined'.
src/app/lib/api.ts(1150,36): error TS2532: Object is possibly 'undefined'.
src/app/lib/api.ts(1151,35): error TS2532: Object is possibly 'undefined'.
src/app/lib/api.ts(1152,31): error TS2532: Object is possibly 'undefined'.
src/app/lib/api.ts(1287,71): error TS18048: 'previous' is possibly 'undefined'.
src/app/lib/api.ts(1287,100): error TS18048: 'previous' is possibly 'undefined'.
src/app/lib/api.ts(1290,8): error TS18048: 'previous' is possibly 'undefined'.
src/app/lib/api.ts(1290,35): error TS18048: 'previous' is possibly 'undefined'.
src/app/lib/api.ts(1292,9): error TS2322: Type '{ title: string; startsAt: string; endsAt: string | null; date: string; time: string; duration: string | null; status: string; id?: string | undefined; courseId?: string | undefined; attendees?: number | null; }' is not assignable to type 'ApiClassSession'.
  Types of property 'id' are incompatible.
    Type 'string | undefined' is not assignable to type 'string'.
      Type 'undefined' is not assignable to type 'string'.
src/app/lib/api.ts(1294,29): error TS18048: 'previous' is possibly 'undefined'.
src/app/lib/api.ts(1299,108): error TS18048: 'previous' is possibly 'undefined'.
src/app/lib/api.ts(1300,62): error TS18048: 'previous' is possibly 'undefined'.
src/app/lib/api.ts(1520,19): error TS18048: 'full' is possibly 'undefined'.
src/app/lib/api.ts(1521,19): error TS2532: Object is possibly 'undefined'.
src/app/lib/api.ts(1522,18): error TS2532: Object is possibly 'undefined'.
src/app/lib/api.ts(1524,44): error TS2322: Type 'string | undefined' is not assignable to type 'string'.
  Type 'undefined' is not assignable to type 'string'.
src/app/lib/api.ts(1529,19): error TS18048: 'full' is possibly 'undefined'.
src/app/lib/api.ts(1530,19): error TS2532: Object is possibly 'undefined'.
src/app/lib/api.ts(1531,18): error TS2532: Object is possibly 'undefined'.
src/app/lib/api.ts(1533,46): error TS2322: Type 'string | undefined' is not assignable to type 'string'.
  Type 'undefined' is not assignable to type 'string'.
src/app/lib/api.ts(1538,19): error TS18048: 'full' is possibly 'undefined'.
src/app/lib/api.ts(1539,19): error TS2532: Object is possibly 'undefined'.
src/app/lib/api.ts(1540,18): error TS2532: Object is possibly 'undefined'.
src/app/lib/api.ts(1542,46): error TS2322: Type 'string | undefined' is not assignable to type 'string'.
  Type 'undefined' is not assignable to type 'string'.
src/app/lib/api.ts(1638,9): error TS2532: Object is possibly 'undefined'.
src/app/lib/api.ts(1708,7): error TS2322: Type 'string | undefined' is not assignable to type 'string'.
  Type 'undefined' is not assignable to type 'string'.
src/app/lib/api.ts(1791,7): error TS2322: Type '{ name: string; email: string; id?: string | undefined; role?: ApiUserRole | undefined; archivedAt?: string | null; avatarUrl?: string | null; }' is not assignable to type 'ApiUser'.
  Types of property 'id' are incompatible.
    Type 'string | undefined' is not assignable to type 'string'.
      Type 'undefined' is not assignable to type 'string'.
src/app/lib/api.ts(2021,24): error TS2345: Argument of type 'string | undefined' is not assignable to parameter of type 'string'.
  Type 'undefined' is not assignable to type 'string'.
src/app/lib/api.ts(2025,17): error TS18048: 'full' is possibly 'undefined'.
src/app/lib/api.ts(2026,17): error TS2532: Object is possibly 'undefined'.
src/app/lib/api.ts(2027,16): error TS2532: Object is possibly 'undefined'.
src/app/lib/api.ts(2030,12): error TS2322: Type 'string | undefined' is not assignable to type 'string'.
  Type 'undefined' is not assignable to type 'string'.
src/app/lib/api.ts(2181,7): error TS2322: Type '{ subject: string | null; body: string; status: "draft" | "sent" | "deleted"; sentAt: string | null; id?: string | undefined; readAt?: string | null | undefined; createdAt?: string | null | undefined; sender?: ApiMessageParty | ... 1 more ... | undefined; recipient?: ApiMessageParty | ... 1 more ... | undefined; }' is not assignable to type 'ApiMessage'.
  Types of property 'id' are incompatible.
    Type 'string | undefined' is not assignable to type 'string'.
      Type 'undefined' is not assignable to type 'string'.
src/app/lib/api.ts(2183,68): error TS2532: Object is possibly 'undefined'.
src/app/lib/api.ts(2184,59): error TS2532: Object is possibly 'undefined'.
src/app/lib/api.ts(2185,41): error TS2532: Object is possibly 'undefined'.
src/app/lib/api.ts(2186,34): error TS2532: Object is possibly 'undefined'.
src/app/lib/api.ts(2186,84): error TS2532: Object is possibly 'undefined'.
src/app/lib/api.ts(2189,16): error TS2322: Type 'ApiMessage | undefined' is not assignable to type 'ApiMessage'.
  Type 'undefined' is not assignable to type 'ApiMessage'.
src/app/lib/api.ts(2212,9): error TS2532: Object is possibly 'undefined'.
src/app/lib/api.ts(2239,9): error TS2532: Object is possibly 'undefined'.
src/app/lib/api.ts(2267,9): error TS2532: Object is possibly 'undefined'.
src/app/lib/api.ts(2269,18): error TS2322: Type 'ApiMessage | undefined' is not assignable to type 'ApiMessage'.
  Type 'undefined' is not assignable to type 'ApiMessage'.
src/app/lib/api.ts(2421,17): error TS18048: 't' is possibly 'undefined'.
src/app/lib/api.ts(2424,21): error TS18048: 'course' is possibly 'undefined'.
src/app/lib/api.ts(2424,38): error TS18048: 'course' is possibly 'undefined'.
src/app/lib/api.ts(2424,58): error TS18048: 'course' is possibly 'undefined'.
src/app/lib/api.ts(2542,7): error TS2322: Type '{ title: string; description: string | null; startsAt: string; endsAt: string | null; id?: string | undefined; }' is not assignable to type 'ApiEvent'.
  Types of property 'id' are incompatible.
    Type 'string | undefined' is not assignable to type 'string'.
      Type 'undefined' is not assignable to type 'string'.
src/app/lib/api.ts(2544,62): error TS2532: Object is possibly 'undefined'.
src/app/lib/api.ts(2545,80): error TS2532: Object is possibly 'undefined'.
src/app/lib/api.ts(2546,73): error TS2532: Object is possibly 'undefined'.
src/app/lib/api.ts(2547,67): error TS2532: Object is possibly 'undefined'.
src/app/lib/api.ts(2550,16): error TS2322: Type 'ApiEvent | undefined' is not assignable to type 'ApiEvent'.
  Type 'undefined' is not assignable to type 'ApiEvent'.
src/app/pages/AdminDashboard.tsx(342,26): error TS2532: Object is possibly 'undefined'.
src/app/pages/AdminDashboard.tsx(991,41): error TS2532: Object is possibly 'undefined'.
src/app/pages/AdminUserDetails.tsx(151,37): error TS2532: Object is possibly 'undefined'.
src/app/pages/ClassroomPage.tsx(445,52): error TS18047: 'session' is possibly 'null'.
src/app/pages/ClassroomPage.tsx(464,56): error TS18047: 'session' is possibly 'null'.
src/app/pages/CourseDetails.tsx(2423,64): error TS2532: Object is possibly 'undefined'.
src/app/pages/CourseDetails.tsx(2425,32): error TS2532: Object is possibly 'undefined'.
src/app/pages/CourseDetails.tsx(2660,60): error TS2345: Argument of type 'string | undefined' is not assignable to parameter of type 'string'.
  Type 'undefined' is not assignable to type 'string'.
src/app/pages/Login.tsx(173,39): error TS2339: Property 'role' does not exist on type 'ApiLoginResponse'.
src/app/pages/Login.tsx(217,43): error TS2339: Property 'role' does not exist on type 'ApiLoginResponse'.
src/app/pages/Login.tsx(236,43): error TS2339: Property 'role' does not exist on type 'ApiLoginResponse'.
src/app/pages/Login.tsx(255,43): error TS2339: Property 'role' does not exist on type 'ApiLoginResponse'.
src/app/pages/Messages.tsx(190,23): error TS18047: 'res' is possibly 'null'.
src/app/pages/Messages.tsx(190,23): error TS2345: Argument of type 'ApiUser[] | { id: string; name: string; email: string; role: string; }[]' is not assignable to parameter of type 'SetStateAction<ApiUser[]>'.
  Type '{ id: string; name: string; email: string; role: string; }[]' is not assignable to type 'SetStateAction<ApiUser[]>'.
    Type '{ id: string; name: string; email: string; role: string; }[]' is not assignable to type 'ApiUser[]'.
      Type '{ id: string; name: string; email: string; role: string; }' is not assignable to type 'ApiUser'.
        Types of property 'role' are incompatible.
          Type 'string' is not assignable to type 'ApiUserRole'.
src/app/pages/Messages.tsx(265,54): error TS18047: 'res' is possibly 'null'.
src/app/pages/Messages.tsx(265,91): error TS18047: 'res' is possibly 'null'.
src/app/pages/Messages.tsx(267,17): error TS18047: 'res' is possibly 'null'.
src/app/pages/Messages.tsx(267,35): error TS18047: 'res' is possibly 'null'.
src/app/pages/Messages.tsx(267,44): error TS18047: 'res' is possibly 'null'.
src/app/pages/Messages.tsx(272,20): error TS18047: 'res' is possibly 'null'.
src/app/pages/Messages.tsx(433,4): error TS2741: Property 'role' is missing in type '{ id: string; name: string; email: string; }' but required in type 'ApiMessageParty'.
src/app/pages/Notifications.tsx(67,12): error TS2339: Property 'readAt' does not exist on type 'ApiNotification'.
src/app/pages/Notifications.tsx(70,11): error TS2339: Property 'data' does not exist on type 'ApiNotification'.
src/app/pages/Notifications.tsx(71,18): error TS2339: Property 'data' does not exist on type 'ApiNotification'.
src/app/pages/Notifications.tsx(88,65): error TS2339: Property 'readAt' does not exist on type 'ApiNotification'.
src/app/pages/Notifications.tsx(105,49): error TS2339: Property 'readAt' does not exist on type 'ApiNotification'.
src/app/pages/Notifications.tsx(127,116): error TS2339: Property 'readAt' does not exist on type 'ApiNotification'.
src/app/pages/Notifications.tsx(131,27): error TS2339: Property 'readAt' does not exist on type 'ApiNotification'.
src/app/pages/Notifications.tsx(139,68): error TS2339: Property 'readAt' does not exist on type 'ApiNotification'.
src/app/pages/Notifications.tsx(144,46): error TS2339: Property 'createdAt' does not exist on type 'ApiNotification'.
src/app/pages/Notifications.tsx(148,28): error TS2339: Property 'message' does not exist on type 'ApiNotification'.
src/app/pages/StudentDashboard.tsx(422,37): error TS2339: Property 'recentGrades' does not exist on type '{ avgGrade: number; attendanceRate: number; pendingTasks: number; progress: number; totalCourses: number; upcomingSessions: number; }'.
src/app/pages/StudentDashboard.tsx(422,70): error TS2339: Property 'recentGrades' does not exist on type '{ avgGrade: number; attendanceRate: number; pendingTasks: number; progress: number; totalCourses: number; upcomingSessions: number; }'.
src/app/pages/StudentDashboard.tsx(423,38): error TS2339: Property 'recentGrades' does not exist on type '{ avgGrade: number; attendanceRate: number; pendingTasks: number; progress: number; totalCourses: number; upcomingSessions: number; }'.
src/app/pages/TeacherDashboard.tsx(69,31): error TS2345: Argument of type '{ totalCourses: number; totalStudents: number; upcomingSessions: number; assignments: number; }' is not assignable to parameter of type 'SetStateAction<{ totalCourses: number; totalStudents: number; upcomingSessions: number; assignments: number; pendingGrading: number; }>'.
  Property 'pendingGrading' is missing in type '{ totalCourses: number; totalStudents: number; upcomingSessions: number; assignments: number; }' but required in type '{ totalCourses: number; totalStudents: number; upcomingSessions: number; assignments: number; pendingGrading: number; }'.
